cat: existing_file: 没有那个文件或目录
cat: nonexistent: 没有那个文件或目录
